[2026-09-25T10:45:04.027Z] ===========================================================
[2026-09-25T10:45:04.030Z] START: Automated Daily Catalog Sync initiated at 2026-09-25T10:45:04.028Z
[2026-09-25T10:45:04.033Z] Step 1: Fetching discovery feeds with concurrency limit 3...
[2026-09-25T10:45:04.867Z]   ✓ Fetched now_playing: 20 items.
[2026-09-25T10:45:04.941Z]   ✓ Fetched trending_tv: 20 items.
[2026-09-25T10:45:04.946Z]   ✓ Fetched trending_movies: 20 items.
[2026-09-25T10:45:05.062Z]   ✓ Fetched top_rated_tv: 20 items.
[2026-09-25T10:45:05.101Z]   ✓ Fetched upcoming: 20 items.
[2026-09-25T10:45:05.169Z]   ✓ Fetched top_rated_movies: 20 items.
[2026-09-25T10:45:05.179Z]   ✓ Fetched popular_tv: 20 items.
[2026-09-25T10:45:05.181Z] Step 2A: Processing Top 10 Today...
[2026-09-25T10:45:05.183Z] Step 2B: Processing Featured Pool & fetching stylized title logos...
[2026-09-25T10:45:05.410Z]   Featured #2 "Spider-Man: Brand New Day" (TMDB 969681) -> logo: /vbZcDHC5IFylYuRnp3eyOs5rTV1.png
[2026-09-25T10:45:05.423Z]   Featured #3 "Lioness" (TMDB 113962) -> logo: /xCXmYvX8UwggLh0h3I1A1fbHBxI.png
[2026-09-25T10:45:05.451Z]   Featured #1 "Reacher" (TMDB 108978) -> logo: /2YkCVT6opPxKh2ogEqxVrCiFgsr.png
[2026-09-25T10:45:05.668Z]   Featured #4 "Resident Evil" (TMDB 1423191) -> logo: /9ulobOWQViT7UQt2iYzb5tEVgm9.png
[2026-09-25T10:45:05.674Z]   Featured #5 "The End of Oak Street" (TMDB 1101383) -> logo: /ctnUQ8UdBLfJE6EkpzzmHLSbTMG.png
[2026-09-25T10:45:05.676Z] Step 2C: Processing Now Playing...
[2026-09-25T10:45:05.678Z] Step 2D: Processing Trending TV Shows...
[2026-09-25T10:45:05.679Z] Step 2E: Processing Upcoming Movies (filtered to next 30 days)...
[2026-09-25T10:45:05.681Z] Step 2F: Processing Top Rated Movies & Series...
[2026-09-25T10:45:05.684Z] Step 3: Committing transactional database changes...
[2026-09-25T10:45:05.696Z] ✓ Transaction committed successfully to database.
[2026-09-25T10:45:05.697Z] FINISH: Sync finished with status "success" in 1.68s.
[2026-09-25T10:45:05.699Z] SUMMARY: Added=96, Updated=0, Removed=0
[2026-09-25T10:45:05.700Z]   - featured: Mode=rebuild, Added=5, Updated=0, Removed=0, Active=5
[2026-09-25T10:45:05.702Z]   - top10: Mode=rebuild, Added=10, Updated=0, Removed=0, Active=10
[2026-09-25T10:45:05.704Z]   - now_playing: Mode=rebuild, Added=20, Updated=0, Removed=0, Active=20
[2026-09-25T10:45:05.705Z]   - trending_tv: Mode=rebuild, Added=20, Updated=0, Removed=0, Active=20
[2026-09-25T10:45:05.707Z]   - upcoming: Mode=upsert_with_soft_delete, Added=1, Updated=0, Removed=0, Active=1
[2026-09-25T10:45:05.708Z]   - top_rated: Mode=upsert_with_soft_delete, Added=40, Updated=0, Removed=0, Active=40
[2026-09-25T10:45:05.710Z] ===========================================================

[2026-09-25T10:46:58.643Z] ===========================================================
[2026-09-25T10:46:58.647Z] START: Automated Daily Catalog Sync initiated at 2026-09-25T10:46:58.646Z
[2026-09-25T10:46:58.738Z] Step 1: Fetching discovery feeds with concurrency limit 3...
[2026-09-25T10:47:00.008Z]   ✓ Fetched trending_tv: 20 items.
[2026-09-25T10:47:00.285Z]   ✓ Fetched trending_movies: 20 items.
[2026-09-25T10:47:00.694Z]   ✓ Fetched now_playing: 20 items.
[2026-09-25T10:47:01.039Z]   ✓ Fetched upcoming: 20 items.
[2026-09-25T10:47:01.045Z]   ✓ Fetched top_rated_movies: 20 items.
[2026-09-25T10:47:01.051Z]   ✓ Fetched top_rated_tv: 20 items.
[2026-09-25T10:47:01.174Z]   ✓ Fetched popular_tv: 20 items.
[2026-09-25T10:47:01.176Z] Step 2A: Processing Top 10 Today...
[2026-09-25T10:47:01.179Z] Step 2B: Processing Featured Pool & fetching stylized title logos...
[2026-09-25T10:47:01.372Z]   Featured #1 "Reacher" (TMDB 108978) -> logo: /2YkCVT6opPxKh2ogEqxVrCiFgsr.png
[2026-09-25T10:47:01.418Z]   Featured #2 "Spider-Man: Brand New Day" (TMDB 969681) -> logo: /vbZcDHC5IFylYuRnp3eyOs5rTV1.png
[2026-09-25T10:47:01.436Z]   Featured #3 "Lioness" (TMDB 113962) -> logo: /xCXmYvX8UwggLh0h3I1A1fbHBxI.png
[2026-09-25T10:47:01.610Z]   Featured #4 "Resident Evil" (TMDB 1423191) -> logo: /9ulobOWQViT7UQt2iYzb5tEVgm9.png
[2026-09-25T10:47:01.615Z]   Featured #5 "The End of Oak Street" (TMDB 1101383) -> logo: /ctnUQ8UdBLfJE6EkpzzmHLSbTMG.png
[2026-09-25T10:47:01.616Z] Step 2C: Processing Now Playing...
[2026-09-25T10:47:01.618Z] Step 2D: Processing Trending TV Shows...
[2026-09-25T10:47:01.620Z] Step 2E: Processing Upcoming Movies (filtered to next 30 days)...
[2026-09-25T10:47:01.622Z] Step 2F: Processing Top Rated Movies & Series...
[2026-09-25T10:47:01.624Z] Step 3: Committing transactional database changes...
[2026-09-25T10:47:01.633Z] [Dry Run] Transaction rolled back safely without writing to disk.
[2026-09-25T10:47:01.635Z] FINISH: Sync finished with status "success" in 3.00s.
[2026-09-25T10:47:01.636Z] SUMMARY: Added=55, Updated=41, Removed=55
[2026-09-25T10:47:01.638Z]   - featured: Mode=rebuild, Added=5, Updated=0, Removed=5, Active=5
[2026-09-25T10:47:01.708Z]   - top10: Mode=rebuild, Added=10, Updated=0, Removed=10, Active=10
[2026-09-25T10:47:01.755Z]   - now_playing: Mode=rebuild, Added=20, Updated=0, Removed=20, Active=20
[2026-09-25T10:47:01.896Z]   - trending_tv: Mode=rebuild, Added=20, Updated=0, Removed=20, Active=20
[2026-09-25T10:47:01.899Z]   - upcoming: Mode=upsert_with_soft_delete, Added=0, Updated=1, Removed=0, Active=1
[2026-09-25T10:47:01.900Z]   - top_rated: Mode=upsert_with_soft_delete, Added=0, Updated=40, Removed=0, Active=40
[2026-09-25T10:47:01.902Z] ===========================================================

[2026-09-25T10:57:59.629Z] ===========================================================
[2026-09-25T10:57:59.655Z] START: Automated Daily Catalog Sync initiated at 2026-09-25T10:57:59.654Z
[2026-09-25T10:57:59.664Z] Step 1: Fetching discovery feeds with concurrency limit 3...
[2026-09-25T10:58:00.374Z]   ✓ Fetched now_playing: 20 items.
[2026-09-25T10:58:00.430Z]   ✓ Fetched trending_movies: 20 items.
[2026-09-25T10:58:00.440Z]   ✓ Fetched trending_tv: 20 items.
[2026-09-25T10:58:00.490Z]   ✓ Fetched upcoming: 20 items.
[2026-09-25T10:58:00.550Z]   ✓ Fetched top_rated_movies: 20 items.
[2026-09-25T10:58:00.560Z]   ✓ Fetched top_rated_tv: 20 items.
[2026-09-25T10:58:00.616Z]   ✓ Fetched popular_tv: 20 items.
[2026-09-25T10:58:00.618Z] Step 2A: Processing Top 10 Today...
[2026-09-25T10:58:00.621Z] Step 2B: Processing Featured Pool & fetching stylized title logos...
[2026-09-25T10:58:00.750Z]   Featured #1 "Reacher" (TMDB 108978) -> logo: /2YkCVT6opPxKh2ogEqxVrCiFgsr.png
[2026-09-25T10:58:00.755Z]   Featured #3 "Lioness" (TMDB 113962) -> logo: /xCXmYvX8UwggLh0h3I1A1fbHBxI.png
[2026-09-25T10:58:00.764Z]   Featured #2 "Spider-Man: Brand New Day" (TMDB 969681) -> logo: /vbZcDHC5IFylYuRnp3eyOs5rTV1.png
[2026-09-25T10:58:00.853Z]   Featured #4 "Resident Evil" (TMDB 1423191) -> logo: /9ulobOWQViT7UQt2iYzb5tEVgm9.png
[2026-09-25T10:58:00.863Z]   Featured #5 "The End of Oak Street" (TMDB 1101383) -> logo: /ctnUQ8UdBLfJE6EkpzzmHLSbTMG.png
[2026-09-25T10:58:00.864Z] Step 2C: Processing Now Playing...
[2026-09-25T10:58:00.866Z] Step 2D: Processing Trending TV Shows...
[2026-09-25T10:58:00.867Z] Step 2E: Processing Upcoming Movies (filtered to next 30 days)...
[2026-09-25T10:58:00.869Z] Step 2F: Processing Top Rated Movies & Series...
[2026-09-25T10:58:00.871Z] Step 3: Committing transactional database changes...
[2026-09-25T10:58:00.880Z] ✓ Transaction committed successfully to database.
[2026-09-25T10:58:00.881Z] FINISH: Sync finished with status "success" in 1.26s.
[2026-09-25T10:58:00.883Z] SUMMARY: Added=55, Updated=41, Removed=55
[2026-09-25T10:58:00.884Z]   - featured: Mode=rebuild, Added=5, Updated=0, Removed=5, Active=5
[2026-09-25T10:58:00.884Z]   - top10: Mode=rebuild, Added=10, Updated=0, Removed=10, Active=10
[2026-09-25T10:58:00.885Z]   - now_playing: Mode=rebuild, Added=20, Updated=0, Removed=20, Active=20
[2026-09-25T10:58:00.886Z]   - trending_tv: Mode=rebuild, Added=20, Updated=0, Removed=20, Active=20
[2026-09-25T10:58:00.887Z]   - upcoming: Mode=upsert_with_soft_delete, Added=0, Updated=1, Removed=0, Active=1
[2026-09-25T10:58:00.889Z]   - top_rated: Mode=upsert_with_soft_delete, Added=0, Updated=40, Removed=0, Active=40
[2026-09-25T10:58:00.891Z] ===========================================================

[2026-09-25T16:11:48.245Z] ===========================================================
[2026-09-25T16:11:48.265Z] START: Automated Daily Catalog Sync initiated at 2026-09-25T16:11:48.264Z
[2026-09-25T16:11:48.294Z] Step 1: Fetching discovery feeds with concurrency limit 3...
[2026-09-25T16:11:49.180Z]   ✓ Fetched now_playing: 20 items.
[2026-09-25T16:11:49.210Z]   ✓ Fetched trending_movies: 20 items.
[2026-09-25T16:11:49.220Z]   ✓ Fetched trending_tv: 20 items.
[2026-09-25T16:11:49.366Z]   ✓ Fetched upcoming: 20 items.
[2026-09-25T16:11:49.454Z]   ✓ Fetched top_rated_tv: 20 items.
[2026-09-25T16:11:49.458Z]   ✓ Fetched top_rated_movies: 20 items.
[2026-09-25T16:11:49.534Z]   ✓ Fetched popular_tv: 20 items.
[2026-09-25T16:11:49.535Z] Step 2A: Processing Top 10 Today...
[2026-09-25T16:11:49.539Z] Step 2B: Processing Featured Pool & fetching stylized title logos...
[2026-09-25T16:11:49.756Z]   Featured #3 "Resident Evil" (TMDB 1423191) -> logo: /9ulobOWQViT7UQt2iYzb5tEVgm9.png
[2026-09-25T16:11:49.763Z]   Featured #2 "Spider-Man: Brand New Day" (TMDB 969681) -> logo: /vbZcDHC5IFylYuRnp3eyOs5rTV1.png
[2026-09-25T16:11:49.777Z]   Featured #1 "Reacher" (TMDB 108978) -> logo: /2YkCVT6opPxKh2ogEqxVrCiFgsr.png
[2026-09-25T16:11:49.881Z]   Featured #4 "The End of Oak Street" (TMDB 1101383) -> logo: /ctnUQ8UdBLfJE6EkpzzmHLSbTMG.png
[2026-09-25T16:11:49.978Z]   Featured #5 "Coyote vs. Acme" (TMDB 1204680) -> logo: /3m1raTve2RWZ0jfnUwHSnRtjVK3.png
[2026-09-25T16:11:49.979Z] Step 2C: Processing Now Playing...
[2026-09-25T16:11:49.981Z] Step 2D: Processing Trending TV Shows...
[2026-09-25T16:11:49.982Z] Step 2E: Processing Upcoming Movies (filtered to next 30 days)...
[2026-09-25T16:11:49.984Z] Step 2F: Processing Top Rated Movies & Series...
[2026-09-25T16:11:49.986Z] Step 3: Committing transactional database changes...
[2026-09-25T16:11:49.989Z] [Dry Run] Transaction rolled back safely without writing to disk.
[2026-09-25T16:11:49.991Z] FINISH: Sync finished with status "success" in 1.75s.
[2026-09-25T16:11:49.992Z] SUMMARY: Added=55, Updated=41, Removed=55
[2026-09-25T16:11:49.993Z]   - featured: Mode=rebuild, Added=5, Updated=0, Removed=5, Active=5
[2026-09-25T16:11:49.994Z]   - top10: Mode=rebuild, Added=10, Updated=0, Removed=10, Active=10
[2026-09-25T16:11:49.995Z]   - now_playing: Mode=rebuild, Added=20, Updated=0, Removed=20, Active=20
[2026-09-25T16:11:49.995Z]   - trending_tv: Mode=rebuild, Added=20, Updated=0, Removed=20, Active=20
[2026-09-25T16:11:49.996Z]   - upcoming: Mode=upsert_with_soft_delete, Added=0, Updated=1, Removed=0, Active=1
[2026-09-25T16:11:49.997Z]   - top_rated: Mode=upsert_with_soft_delete, Added=0, Updated=40, Removed=0, Active=40
[2026-09-25T16:11:49.998Z] ===========================================================

[2026-09-25T17:00:55.563Z] ===========================================================
[2026-09-25T17:00:55.683Z] START: Automated Daily Catalog Sync initiated at 2026-09-25T17:00:55.682Z
[2026-09-25T17:00:55.693Z] Step 1: Fetching discovery feeds with concurrency limit 3...
[2026-09-25T17:00:57.319Z]   ✓ Fetched now_playing: 20 items.
[2026-09-25T17:00:57.337Z]   ✓ Fetched trending_movies: 20 items.
[2026-09-25T17:00:57.387Z]   ✓ Fetched trending_tv: 20 items.
[2026-09-25T17:00:57.437Z]   ✓ Fetched upcoming: 20 items.
[2026-09-25T17:00:57.504Z]   ✓ Fetched top_rated_movies: 20 items.
[2026-09-25T17:00:57.538Z]   ✓ Fetched top_rated_tv: 20 items.
[2026-09-25T17:00:57.552Z]   ✓ Fetched popular_tv: 20 items.
[2026-09-25T17:00:57.554Z] Step 2A: Processing Top 10 Today...
[2026-09-25T17:00:57.556Z] Step 2B: Processing Featured Pool & fetching stylized title logos...
[2026-09-25T17:00:57.680Z]   Featured #1 "Reacher" (TMDB 108978) -> logo: /2YkCVT6opPxKh2ogEqxVrCiFgsr.png
[2026-09-25T17:00:57.689Z]   Featured #3 "Resident Evil" (TMDB 1423191) -> logo: /9ulobOWQViT7UQt2iYzb5tEVgm9.png
[2026-09-25T17:00:57.791Z]   Featured #2 "Spider-Man: Brand New Day" (TMDB 969681) -> logo: /vbZcDHC5IFylYuRnp3eyOs5rTV1.png
[2026-09-25T17:00:57.820Z]   Featured #5 "Coyote vs. Acme" (TMDB 1204680) -> logo: /3m1raTve2RWZ0jfnUwHSnRtjVK3.png
[2026-09-25T17:00:57.901Z]   Featured #4 "The End of Oak Street" (TMDB 1101383) -> logo: /8VDfGY16827yyWH0R8itxLtfgK1.png
[2026-09-25T17:00:57.903Z] Step 2C: Processing Now Playing...
[2026-09-25T17:00:57.904Z] Step 2D: Processing Trending TV Shows...
[2026-09-25T17:00:57.907Z] Step 2E: Processing Upcoming Movies (filtered to next 30 days)...
[2026-09-25T17:00:57.909Z] Step 2F: Processing Top Rated Movies & Series...
[2026-09-25T17:00:57.912Z] Step 3: Committing transactional database changes...
[2026-09-25T17:00:57.925Z] ✓ Transaction committed successfully to database.
[2026-09-25T17:00:57.927Z] FINISH: Sync finished with status "success" in 2.36s.
[2026-09-25T17:00:57.928Z] SUMMARY: Added=55, Updated=41, Removed=55
[2026-09-25T17:00:57.929Z]   - featured: Mode=rebuild, Added=5, Updated=0, Removed=5, Active=5
[2026-09-25T17:00:57.930Z]   - top10: Mode=rebuild, Added=10, Updated=0, Removed=10, Active=10
[2026-09-25T17:00:57.932Z]   - now_playing: Mode=rebuild, Added=20, Updated=0, Removed=20, Active=20
[2026-09-25T17:00:57.933Z]   - trending_tv: Mode=rebuild, Added=20, Updated=0, Removed=20, Active=20
[2026-09-25T17:00:57.934Z]   - upcoming: Mode=upsert_with_soft_delete, Added=0, Updated=1, Removed=0, Active=1
[2026-09-25T17:00:57.935Z]   - top_rated: Mode=upsert_with_soft_delete, Added=0, Updated=40, Removed=0, Active=40
[2026-09-25T17:00:57.937Z] ===========================================================

