[2026-10-02T08:00:16.208Z] ======================================================
[2026-10-02T08:00:16.210Z] START: Daily Movie Sync initiated at 2026-10-02T08:00:16.209Z
[2026-10-02T08:00:16.211Z] Step 1: Fetching now_playing, upcoming, and daily trending discovery feeds...
[2026-10-02T08:00:18.835Z] Discovered 113 candidate movie IDs.
[2026-10-02T08:00:29.196Z] ADDED: "Renegade Immortal: Battle of the Immortal Slayer" (TMDB 1599191, Year: 2026-10-01)
[2026-10-02T08:00:29.197Z] ADDED: "Harry Potter and the Prisoner of Azkaban" (TMDB 673, Year: 2004-05-31)
[2026-10-02T08:00:29.198Z] ADDED: "Harry Potter and the Goblet of Fire" (TMDB 674, Year: 2005-11-16)
[2026-10-02T08:00:29.200Z] ADDED: "Crayon Shin-chan the Movie: Very Bizarre! My Yokai Vacation" (TMDB 1598766, Year: 2026-07-31)
[2026-10-02T08:00:29.202Z] ADDED: "American Psycho" (TMDB 1359, Year: 2000-04-13)
[2026-10-02T08:00:29.203Z] ADDED: "Crazy Rich, Incredibly Broke" (TMDB 1763619, Year: 2026-10-01)
[2026-10-02T08:00:29.204Z] ADDED: "Soulm8te" (TMDB 1307118, Year: 2026-07-31)
[2026-10-02T08:00:29.206Z] ADDED: "Livestream from Hell" (TMDB 1437195, Year: 2026-09-30)
[2026-10-02T08:00:29.207Z] ADDED: "De Gaulle: Résistance" (TMDB 1165366, Year: 2026-06-03)
[2026-10-02T08:00:29.208Z] ADDED: "Ninja Wars: BlackFox vs Shogun's Ninja" (TMDB 1593380, Year: 2026-05-29)
[2026-10-02T08:00:29.208Z] ADDED: "Ebenezer" (TMDB 1567605, Year: 2026-11-11)
[2026-10-02T08:00:29.209Z] ADDED: "Sardar 2" (TMDB 1317872, Year: 2026-09-10)
[2026-10-02T08:00:29.210Z] ADDED: "Dead Man's Wire" (TMDB 1263012, Year: 2026-01-09)
[2026-10-02T08:00:29.211Z] ADDED: "Find Your Friends" (TMDB 1283636, Year: 2026-06-04)
[2026-10-02T08:00:29.212Z] ADDED: "Seven Snipers" (TMDB 1288341, Year: 2026-04-30)
[2026-10-02T08:00:29.213Z] ADDED: "Bethlehem Kudumba Unit" (TMDB 1508168, Year: 2026-08-21)
[2026-10-02T08:00:29.214Z] ADDED: "Sex Rider: Wet Highway" (TMDB 233651, Year: 1971-12-29)
[2026-10-02T08:00:29.215Z] ADDED: "Shape of My Heart" (TMDB 1285366, Year: 2024-07-06)
[2026-10-02T08:00:29.217Z] UPDATED: "Resident Evil" (TMDB 1423191)
[2026-10-02T08:00:29.217Z] UPDATED: "Coyote vs. Acme" (TMDB 1204680)
[2026-10-02T08:00:29.218Z] UPDATED: "The Odyssey" (TMDB 1368337)
[2026-10-02T08:00:29.219Z] UPDATED: "The End of Oak Street" (TMDB 1101383)
[2026-10-02T08:00:29.220Z] UPDATED: "Runner" (TMDB 1377237)
[2026-10-02T08:00:29.221Z] UPDATED: "After Impact" (TMDB 1751701)
[2026-10-02T08:00:29.222Z] UPDATED: "Colony" (TMDB 1375646)
[2026-10-02T08:00:29.223Z] UPDATED: "Mutiny" (TMDB 1288445)
[2026-10-02T08:00:29.223Z] UPDATED: "The Fix" (TMDB 1228834)
[2026-10-02T08:00:29.224Z] UPDATED: "UNABOMBER" (TMDB 1492640)
[2026-10-02T08:00:29.225Z] UPDATED: "The Love Hypothesis" (TMDB 1032863)
[2026-10-02T08:00:29.225Z] UPDATED: "Digger" (TMDB 1248832)
[2026-10-02T08:00:29.226Z] UPDATED: "Heart of the Beast" (TMDB 1263337)
[2026-10-02T08:00:29.227Z] UPDATED: "Obsession" (TMDB 1339713)
[2026-10-02T08:00:29.228Z] UPDATED: "The Uprising" (TMDB 977942)
[2026-10-02T08:00:29.228Z] UPDATED: "Ice Cream Man" (TMDB 1477712)
[2026-10-02T08:00:29.229Z] UPDATED: "One Last Shot" (TMDB 1607127)
[2026-10-02T08:00:29.231Z] UPDATED: "Pinocchio: Unstrung" (TMDB 1232569)
[2026-10-02T08:00:29.231Z] UPDATED: "Avengers: Endgame" (TMDB 299534)
[2026-10-02T08:00:29.232Z] UPDATED: "It Ends" (TMDB 1422011)
[2026-10-02T08:00:29.233Z] UPDATED: "Backrooms" (TMDB 1083381)
[2026-10-02T08:00:29.234Z] UPDATED: "Drawn Together" (TMDB 1440098)
[2026-10-02T08:00:29.234Z] UPDATED: "Primetime" (TMDB 1375441)
[2026-10-02T08:00:29.235Z] UPDATED: "Forgotten Island" (TMDB 1465063)
[2026-10-02T08:00:29.236Z] UPDATED: "Teenage Sex and Death at Camp Miasma" (TMDB 1240889)
[2026-10-02T08:00:29.237Z] UPDATED: "Lion Fist" (TMDB 1340102)
[2026-10-02T08:00:29.238Z] UPDATED: "You+Me - Against the World" (TMDB 1641629)
[2026-10-02T08:00:29.238Z] UPDATED: "Verity" (TMDB 1283515)
[2026-10-02T08:00:29.239Z] UPDATED: "PAW Patrol: The Dino Movie" (TMDB 1185806)
[2026-10-02T08:00:29.240Z] UPDATED: "Disclosure Day" (TMDB 1275779)
[2026-10-02T08:00:29.241Z] UPDATED: "The Runner" (TMDB 1386315)
[2026-10-02T08:00:29.241Z] UPDATED: "The Death of Robin Hood" (TMDB 1284465)
[2026-10-02T08:00:29.243Z] UPDATED: "Fall 2: Deadpoint" (TMDB 1101412)
[2026-10-02T08:00:29.244Z] UPDATED: "The Shawshank Redemption" (TMDB 278)
[2026-10-02T08:00:29.245Z] UPDATED: "Harry Potter and the Philosopher's Stone" (TMDB 671)
[2026-10-02T08:00:29.246Z] UPDATED: "The Furious" (TMDB 1280738)
[2026-10-02T08:00:29.247Z] UPDATED: "Hot Spot" (TMDB 813418)
[2026-10-02T08:00:29.248Z] UPDATED: "Scary Movie" (TMDB 1273221)
[2026-10-02T08:00:29.249Z] UPDATED: "The Super Mario Galaxy Movie" (TMDB 1226863)
[2026-10-02T08:00:29.249Z] UPDATED: "The Dog Stars" (TMDB 1384216)
[2026-10-02T08:00:29.250Z] UPDATED: "Practical Magic 2" (TMDB 1302904)
[2026-10-02T08:00:29.251Z] UPDATED: "Michael" (TMDB 936075)
[2026-10-02T08:00:29.252Z] UPDATED: "Mayday" (TMDB 1137844)
[2026-10-02T08:00:29.252Z] UPDATED: "Idiots" (TMDB 445466)
[2026-10-02T08:00:29.253Z] UPDATED: "Deep Water" (TMDB 1127384)
[2026-10-02T08:00:29.254Z] UPDATED: "Insidious: Out of the Further" (TMDB 1291595)
[2026-10-02T08:00:29.255Z] UPDATED: "Ghost in the Cell" (TMDB 1393326)
[2026-10-02T08:00:29.256Z] UPDATED: "Spa Weekend" (TMDB 1341138)
[2026-10-02T08:00:29.257Z] UPDATED: "Clash of the Thundermans" (TMDB 1506560)
[2026-10-02T08:00:29.258Z] UPDATED: "Hoppers" (TMDB 1327819)
[2026-10-02T08:00:29.259Z] UPDATED: "Hope" (TMDB 1058424)
[2026-10-02T08:00:29.260Z] UPDATED: "Harry Potter and the Chamber of Secrets" (TMDB 672)
[2026-10-02T08:00:29.261Z] UPDATED: "The Invite" (TMDB 950028)
[2026-10-02T08:00:29.262Z] UPDATED: "Lucky Strike" (TMDB 1594914)
[2026-10-02T08:00:29.263Z] UPDATED: "The Weight" (TMDB 1433583)
[2026-10-02T08:00:29.264Z] UPDATED: "The Hunger Games: Mockingjay - Part 1" (TMDB 131631)
[2026-10-02T08:00:29.264Z] UPDATED: "Whiplash" (TMDB 244786)
[2026-10-02T08:00:29.266Z] UPDATED: "Onslaught" (TMDB 1284046)
[2026-10-02T08:00:29.266Z] UPDATED: "In the Grey" (TMDB 1122573)
[2026-10-02T08:00:29.267Z] UPDATED: "I Want Your Sex" (TMDB 1288059)
[2026-10-02T08:00:29.268Z] UPDATED: "By Any Means" (TMDB 1380417)
[2026-10-02T08:00:29.269Z] UPDATED: "Cars" (TMDB 920)
[2026-10-02T08:00:29.270Z] UPDATED: "The Hunger Games: Catching Fire" (TMDB 101299)
[2026-10-02T08:00:29.271Z] UPDATED: "La La Land" (TMDB 313369)
[2026-10-02T08:00:29.272Z] UPDATED: "The Rivals of Amziah King" (TMDB 1124142)
[2026-10-02T08:00:29.272Z] UPDATED: "Leviticus" (TMDB 1564614)
[2026-10-02T08:00:29.273Z] UPDATED: "The Hunger Games: Mockingjay - Part 2" (TMDB 131634)
[2026-10-02T08:00:29.274Z] UPDATED: "The Hunger Games: The Ballad of Songbirds & Snakes" (TMDB 695721)
[2026-10-02T08:00:29.275Z] UPDATED: "Spider-Man: Brand New Day" (TMDB 969681)
[2026-10-02T08:00:29.276Z] UPDATED: "One Night Only" (TMDB 1433367)
[2026-10-02T08:00:29.278Z] UPDATED: "Toy Story 5" (TMDB 1084244)
[2026-10-02T08:00:29.279Z] UPDATED: "La bola negra" (TMDB 1422041)
[2026-10-02T08:00:29.281Z] UPDATED: "Resident Evil: Welcome to Raccoon City" (TMDB 460458)
[2026-10-02T08:00:29.282Z] UPDATED: "Moana" (TMDB 1108427)
[2026-10-02T08:00:29.283Z] UPDATED: "Minions & Monsters" (TMDB 1315772)
[2026-10-02T08:00:29.283Z] UPDATED: "Project Hail Mary" (TMDB 687163)
[2026-10-02T08:00:29.284Z] UPDATED: "Blade Runner 2049" (TMDB 335984)
[2026-10-02T08:00:29.285Z] UPDATED: "War of the Worlds" (TMDB 755898)
[2026-10-02T08:00:29.286Z] UPDATED: "Avengers: Infinity War" (TMDB 299536)
[2026-10-02T08:00:29.287Z] FINISH: Sync completed in 13.1s.
[2026-10-02T08:00:29.288Z] SUMMARY: Added=18, Updated=79, Unchanged=16, Skipped=0, Errors=0
[2026-10-02T08:00:29.289Z] ======================================================

