[2026-10-10T14:00:31.544Z] ======================================================
[2026-10-10T14:00:31.546Z] START: Daily Movie Sync initiated at 2026-10-10T14:00:31.545Z
[2026-10-10T14:00:31.547Z] Step 1: Fetching now_playing, upcoming, and daily trending discovery feeds...
[2026-10-10T14:00:33.056Z] Discovered 106 candidate movie IDs.
[2026-10-10T14:00:39.753Z] ADDED: "The Whistler" (TMDB 1280300, Year: 2026-09-24)
[2026-10-10T14:00:39.753Z] ADDED: "Fall" (TMDB 985939, Year: 2022-08-11)
[2026-10-10T14:00:39.754Z] ADDED: "The Devil Wears Prada 2" (TMDB 1314481, Year: 2026-04-29)
[2026-10-10T14:00:39.755Z] ADDED: "Shrek" (TMDB 808, Year: 2001-05-18)
[2026-10-10T14:00:39.758Z] ADDED: "Corpse Bride" (TMDB 3933, Year: 2005-09-12)
[2026-10-10T14:00:39.759Z] ADDED: "KINKI" (TMDB 1400499, Year: 2025-08-08)
[2026-10-10T14:00:39.759Z] ADDED: "Kraken" (TMDB 1110034, Year: 2026-02-06)
[2026-10-10T14:00:39.760Z] ADDED: "Matchbox the Movie" (TMDB 1148365, Year: 2026-10-05)
[2026-10-10T14:00:39.761Z] ADDED: "Animals" (TMDB 1236045, Year: 2026-10-09)
[2026-10-10T14:00:39.762Z] ADDED: "Training Day" (TMDB 2034, Year: 2001-10-05)
[2026-10-10T14:00:39.763Z] ADDED: "V/H/S/Mixtape" (TMDB 1742441, Year: 2026-10-09)
[2026-10-10T14:00:39.764Z] ADDED: "The Florist" (TMDB 1476746, Year: 2026-09-24)
[2026-10-10T14:00:39.765Z] ADDED: "Reporting Live" (TMDB 1389172, Year: 2026-10-09)
[2026-10-10T14:00:39.766Z] ADDED: "Animales" (TMDB 1599993, Year: 2026-02-05)
[2026-10-10T14:00:39.767Z] ADDED: "Khalifa: The Ruler" (TMDB 1036081, Year: 2026-08-20)
[2026-10-10T14:00:39.768Z] ADDED: "Oasis: Don't Look Back in Anger" (TMDB 1447853, Year: 2026-09-09)
[2026-10-10T14:00:39.769Z] ADDED: "The Exorcist: Martyrs" (TMDB 1297467, Year: 2027-03-10)
[2026-10-10T14:00:39.770Z] ADDED: "Look Back" (TMDB 1591675, Year: 2026-09-11)
[2026-10-10T14:00:39.771Z] ADDED: "Less of a Stranger" (TMDB 1620080, Year: 2026-09-21)
[2026-10-10T14:00:39.771Z] ADDED: "Don't Leave the Kids Alone" (TMDB 1339274, Year: 2026-05-14)
[2026-10-10T14:00:39.772Z] ADDED: "Before I Go to Sleep" (TMDB 204922, Year: 2014-09-03)
[2026-10-10T14:00:39.773Z] ADDED: "The Treehouse" (TMDB 1450404, Year: 2025-09-19)
[2026-10-10T14:00:39.774Z] ADDED: "Zootopia 2" (TMDB 1084242, Year: 2025-11-26)
[2026-10-10T14:00:39.775Z] UPDATED: "Resident Evil" (TMDB 1423191)
[2026-10-10T14:00:39.776Z] UPDATED: "The Fix" (TMDB 1228834)
[2026-10-10T14:00:39.777Z] UPDATED: "Runner" (TMDB 1377237)
[2026-10-10T14:00:39.778Z] UPDATED: "The Odyssey" (TMDB 1368337)
[2026-10-10T14:00:39.779Z] UPDATED: "Fall 2: Deadpoint" (TMDB 1101412)
[2026-10-10T14:00:39.781Z] UPDATED: "After Impact" (TMDB 1751701)
[2026-10-10T14:00:39.781Z] UPDATED: "Coyote vs. Acme" (TMDB 1204680)
[2026-10-10T14:00:39.783Z] UPDATED: "Resident Dead" (TMDB 1712451)
[2026-10-10T14:00:39.784Z] UPDATED: "Digger" (TMDB 1248832)
[2026-10-10T14:00:39.785Z] UPDATED: "Renegade Immortal: Battle of the Immortal Slayer" (TMDB 1599191)
[2026-10-10T14:00:39.786Z] UPDATED: "Pinocchio: Unstrung" (TMDB 1232569)
[2026-10-10T14:00:39.787Z] UPDATED: "Obsession" (TMDB 1339713)
[2026-10-10T14:00:39.787Z] UPDATED: "The Love Hypothesis" (TMDB 1032863)
[2026-10-10T14:00:39.788Z] UPDATED: "Mutiny" (TMDB 1288445)
[2026-10-10T14:00:39.789Z] UPDATED: "Verity" (TMDB 1283515)
[2026-10-10T14:00:39.790Z] UPDATED: "The Uprising" (TMDB 977942)
[2026-10-10T14:00:39.790Z] UPDATED: "Other Mommy" (TMDB 1400837)
[2026-10-10T14:00:39.791Z] UPDATED: "Colony" (TMDB 1375646)
[2026-10-10T14:00:39.792Z] UPDATED: "Heart of the Beast" (TMDB 1263337)
[2026-10-10T14:00:39.792Z] UPDATED: "Avengers: Endgame" (TMDB 299534)
[2026-10-10T14:00:39.794Z] UPDATED: "Ice Cream Man" (TMDB 1477712)
[2026-10-10T14:00:39.794Z] UPDATED: "One Last Shot" (TMDB 1607127)
[2026-10-10T14:00:39.795Z] UPDATED: "Backrooms" (TMDB 1083381)
[2026-10-10T14:00:39.796Z] UPDATED: "Lion Fist" (TMDB 1340102)
[2026-10-10T14:00:39.797Z] UPDATED: "Disclosure Day" (TMDB 1275779)
[2026-10-10T14:00:39.798Z] UPDATED: "Doing Life" (TMDB 1458857)
[2026-10-10T14:00:39.798Z] UPDATED: "The Nightmare Before Christmas" (TMDB 9479)
[2026-10-10T14:00:39.800Z] UPDATED: "UNABOMBER" (TMDB 1492640)
[2026-10-10T14:00:39.800Z] UPDATED: "It Ends" (TMDB 1422011)
[2026-10-10T14:00:39.801Z] UPDATED: "Rosebush Pruning" (TMDB 1130948)
[2026-10-10T14:00:39.802Z] UPDATED: "Scary Movie" (TMDB 1273221)
[2026-10-10T14:00:39.803Z] UPDATED: "Coraline" (TMDB 14836)
[2026-10-10T14:00:39.804Z] UPDATED: "Drawn Together" (TMDB 1440098)
[2026-10-10T14:00:39.805Z] UPDATED: "Family" (TMDB 1229906)
[2026-10-10T14:00:39.806Z] UPDATED: "PAW Patrol: The Dino Movie" (TMDB 1185806)
[2026-10-10T14:00:39.806Z] UPDATED: "Michael" (TMDB 936075)
[2026-10-10T14:00:39.807Z] UPDATED: "Forgotten Island" (TMDB 1465063)
[2026-10-10T14:00:39.808Z] UPDATED: "Legend of the White Dragon" (TMDB 843352)
[2026-10-10T14:00:39.808Z] UPDATED: "The Super Mario Galaxy Movie" (TMDB 1226863)
[2026-10-10T14:00:39.809Z] UPDATED: "The Furious" (TMDB 1280738)
[2026-10-10T14:00:39.810Z] UPDATED: "The Death of Robin Hood" (TMDB 1284465)
[2026-10-10T14:00:39.811Z] UPDATED: "Primetime" (TMDB 1375441)
[2026-10-10T14:00:39.812Z] UPDATED: "The Social Reckoning" (TMDB 1281331)
[2026-10-10T14:00:39.813Z] UPDATED: "The Runner" (TMDB 1386315)
[2026-10-10T14:00:39.814Z] UPDATED: "Teenage Sex and Death at Camp Miasma" (TMDB 1240889)
[2026-10-10T14:00:39.814Z] UPDATED: "Lucky Strike" (TMDB 1594914)
[2026-10-10T14:00:39.815Z] UPDATED: "Bethlehem Kudumba Unit" (TMDB 1508168)
[2026-10-10T14:00:39.816Z] UPDATED: "Hoppers" (TMDB 1327819)
[2026-10-10T14:00:39.817Z] UPDATED: "Hope" (TMDB 1058424)
[2026-10-10T14:00:39.818Z] UPDATED: "Terminator 2: Judgment Day" (TMDB 280)
[2026-10-10T14:00:39.818Z] UPDATED: "Livestream from Hell" (TMDB 1437195)
[2026-10-10T14:00:39.819Z] UPDATED: "The Invite" (TMDB 950028)
[2026-10-10T14:00:39.820Z] UPDATED: "The Mongoose" (TMDB 1294189)
[2026-10-10T14:00:39.821Z] UPDATED: "Onslaught" (TMDB 1284046)
[2026-10-10T14:00:39.822Z] UPDATED: "The Hunger Games: Mockingjay - Part 1" (TMDB 131631)
[2026-10-10T14:00:39.823Z] UPDATED: "Whiplash" (TMDB 244786)
[2026-10-10T14:00:39.824Z] UPDATED: "Beware Boiúna" (TMDB 1244523)
[2026-10-10T14:00:39.825Z] UPDATED: "Street Fighter" (TMDB 1153576)
[2026-10-10T14:00:39.826Z] UPDATED: "Traces of Justice" (TMDB 1439171)
[2026-10-10T14:00:39.827Z] UPDATED: "La La Land" (TMDB 313369)
[2026-10-10T14:00:39.829Z] UPDATED: "Ghost in the Cell" (TMDB 1393326)
[2026-10-10T14:00:39.830Z] UPDATED: "The Hunger Games: Catching Fire" (TMDB 101299)
[2026-10-10T14:00:39.831Z] UPDATED: "Leviticus" (TMDB 1564614)
[2026-10-10T14:00:39.832Z] UPDATED: "Hot Spot" (TMDB 813418)
[2026-10-10T14:00:39.833Z] UPDATED: "I Want Your Sex" (TMDB 1288059)
[2026-10-10T14:00:39.833Z] UPDATED: "Spider-Man: Brand New Day" (TMDB 969681)
[2026-10-10T14:00:39.834Z] UPDATED: "Insidious: Out of the Further" (TMDB 1291595)
[2026-10-10T14:00:39.835Z] UPDATED: "Moana" (TMDB 1108427)
[2026-10-10T14:00:39.836Z] UPDATED: "Toy Story 5" (TMDB 1084244)
[2026-10-10T14:00:39.837Z] UPDATED: "LA BOLA NEGRA" (TMDB 1422041)
[2026-10-10T14:00:39.837Z] UPDATED: "Normal" (TMDB 1242332)
[2026-10-10T14:00:39.838Z] UPDATED: "Evil Dead Burn" (TMDB 1212763)
[2026-10-10T14:00:39.839Z] UPDATED: "Soulm8te" (TMDB 1307118)
[2026-10-10T14:00:39.840Z] UPDATED: "Resident Evil: Welcome to Raccoon City" (TMDB 460458)
[2026-10-10T14:00:39.840Z] UPDATED: "The End of Oak Street" (TMDB 1101383)
[2026-10-10T14:00:39.841Z] UPDATED: "Zip Wire" (TMDB 1482547)
[2026-10-10T14:00:39.842Z] UPDATED: "Project Hail Mary" (TMDB 687163)
[2026-10-10T14:00:39.843Z] FINISH: Sync completed in 8.3s.
[2026-10-10T14:00:39.844Z] SUMMARY: Added=23, Updated=77, Unchanged=6, Skipped=0, Errors=0
[2026-10-10T14:00:39.845Z] ======================================================

