[2026-10-05T09:34:39.942Z] ======================================================
[2026-10-05T09:34:39.944Z] START: Daily Movie Sync initiated at 2026-10-05T09:34:39.944Z
[2026-10-05T09:34:39.946Z] Step 1: Fetching now_playing, upcoming, and daily trending discovery feeds...
[2026-10-05T09:34:43.479Z] Discovered 110 candidate movie IDs.
[2026-10-05T09:34:53.138Z] ADDED: "Resident Dead" (TMDB 1712451, Year: 2026-09-04)
[2026-10-05T09:34:53.139Z] ADDED: "Death Whisperer: Saming the Werebeast" (TMDB 1556321, Year: 2026-09-29)
[2026-10-05T09:34:53.140Z] ADDED: "Doing Life" (TMDB 1458857, Year: 2026-10-02)
[2026-10-05T09:34:53.143Z] ADDED: "Family" (TMDB 1229906, Year: 2026-09-25)
[2026-10-05T09:34:53.144Z] ADDED: "Doraemon the Movie: New Nobita and the Castle of the Undersea Devil" (TMDB 1542261, Year: 2026-02-27)
[2026-10-05T09:34:53.145Z] ADDED: "The Nightmare Before Christmas" (TMDB 9479, Year: 1993-10-09)
[2026-10-05T09:34:53.145Z] ADDED: "Coraline" (TMDB 14836, Year: 2009-02-05)
[2026-10-05T09:34:53.146Z] ADDED: "Terminator 2: Judgment Day" (TMDB 280, Year: 1991-07-03)
[2026-10-05T09:34:53.147Z] ADDED: "Traces of Justice" (TMDB 1439171, Year: 2026-10-01)
[2026-10-05T09:34:53.148Z] ADDED: "Beware Boiúna" (TMDB 1244523, Year: 2026-10-01)
[2026-10-05T09:34:53.149Z] ADDED: "Kung Fu Soccer" (TMDB 1491920, Year: 2026-07-11)
[2026-10-05T09:34:53.150Z] ADDED: "The Social Reckoning" (TMDB 1281331, Year: 2026-10-07)
[2026-10-05T09:34:53.151Z] ADDED: "Infirmary" (TMDB 1610703, Year: 2026-10-02)
[2026-10-05T09:34:53.152Z] ADDED: "Drishyam: The Conclusion" (TMDB 1269325, Year: 2026-10-02)
[2026-10-05T09:34:53.153Z] ADDED: "Schumacher '94 - The Birth of a Legend" (TMDB 1752355, Year: 2026-10-02)
[2026-10-05T09:34:53.154Z] ADDED: "Stranglehold" (TMDB 1320039, Year: 2026-10-02)
[2026-10-05T09:34:53.155Z] ADDED: "Union County" (TMDB 1482938, Year: 2026-08-14)
[2026-10-05T09:34:53.156Z] ADDED: "Evil Dead Burn" (TMDB 1212763, Year: 2026-07-07)
[2026-10-05T09:34:53.157Z] ADDED: "Cavegirl" (TMDB 30723, Year: 1985-05-01)
[2026-10-05T09:34:53.158Z] ADDED: "Pressure" (TMDB 1318413, Year: 2026-05-28)
[2026-10-05T09:34:53.159Z] ADDED: "Blaze of Love" (TMDB 1156869, Year: 1994-01-01)
[2026-10-05T09:34:53.160Z] UPDATED: "Renegade Immortal: Battle of the Immortal Slayer" (TMDB 1599191)
[2026-10-05T09:34:53.161Z] UPDATED: "Runner" (TMDB 1377237)
[2026-10-05T09:34:53.162Z] UPDATED: "Coyote vs. Acme" (TMDB 1204680)
[2026-10-05T09:34:53.163Z] UPDATED: "The Odyssey" (TMDB 1368337)
[2026-10-05T09:34:53.164Z] UPDATED: "After Impact" (TMDB 1751701)
[2026-10-05T09:34:53.165Z] UPDATED: "The End of Oak Street" (TMDB 1101383)
[2026-10-05T09:34:53.166Z] UPDATED: "The Fix" (TMDB 1228834)
[2026-10-05T09:34:53.167Z] UPDATED: "Digger" (TMDB 1248832)
[2026-10-05T09:34:53.168Z] UPDATED: "The Love Hypothesis" (TMDB 1032863)
[2026-10-05T09:34:53.169Z] UPDATED: "Resident Evil" (TMDB 1423191)
[2026-10-05T09:34:53.170Z] UPDATED: "Colony" (TMDB 1375646)
[2026-10-05T09:34:53.171Z] UPDATED: "The Uprising" (TMDB 977942)
[2026-10-05T09:34:53.171Z] UPDATED: "Mutiny" (TMDB 1288445)
[2026-10-05T09:34:53.172Z] UPDATED: "Obsession" (TMDB 1339713)
[2026-10-05T09:34:53.173Z] UPDATED: "Heart of the Beast" (TMDB 1263337)
[2026-10-05T09:34:53.174Z] UPDATED: "Verity" (TMDB 1283515)
[2026-10-05T09:34:53.175Z] UPDATED: "Pinocchio: Unstrung" (TMDB 1232569)
[2026-10-05T09:34:53.176Z] UPDATED: "UNABOMBER" (TMDB 1492640)
[2026-10-05T09:34:53.177Z] UPDATED: "It Ends" (TMDB 1422011)
[2026-10-05T09:34:53.178Z] UPDATED: "Ice Cream Man" (TMDB 1477712)
[2026-10-05T09:34:53.179Z] UPDATED: "Zip Wire" (TMDB 1482547)
[2026-10-05T09:34:53.179Z] UPDATED: "One Last Shot" (TMDB 1607127)
[2026-10-05T09:34:53.180Z] UPDATED: "Lion Fist" (TMDB 1340102)
[2026-10-05T09:34:53.181Z] UPDATED: "Backrooms" (TMDB 1083381)
[2026-10-05T09:34:53.182Z] UPDATED: "Primetime" (TMDB 1375441)
[2026-10-05T09:34:53.182Z] UPDATED: "Disclosure Day" (TMDB 1275779)
[2026-10-05T09:34:53.183Z] UPDATED: "Forgotten Island" (TMDB 1465063)
[2026-10-05T09:34:53.184Z] UPDATED: "Avengers: Endgame" (TMDB 299534)
[2026-10-05T09:34:53.185Z] UPDATED: "Drawn Together" (TMDB 1440098)
[2026-10-05T09:34:53.187Z] UPDATED: "Fall 2: Deadpoint" (TMDB 1101412)
[2026-10-05T09:34:53.188Z] UPDATED: "You+Me - Against the World" (TMDB 1641629)
[2026-10-05T09:34:53.189Z] UPDATED: "Teenage Sex and Death at Camp Miasma" (TMDB 1240889)
[2026-10-05T09:34:53.191Z] UPDATED: "The Runner" (TMDB 1386315)
[2026-10-05T09:34:53.192Z] UPDATED: "PAW Patrol: The Dino Movie" (TMDB 1185806)
[2026-10-05T09:34:53.194Z] UPDATED: "Rosebush Pruning" (TMDB 1130948)
[2026-10-05T09:34:53.195Z] UPDATED: "The Death of Robin Hood" (TMDB 1284465)
[2026-10-05T09:34:53.197Z] UPDATED: "The Last Sunrise" (TMDB 1516698)
[2026-10-05T09:34:53.198Z] UPDATED: "Harry Potter and the Philosopher's Stone" (TMDB 671)
[2026-10-05T09:34:53.199Z] UPDATED: "Scary Movie" (TMDB 1273221)
[2026-10-05T09:34:53.200Z] UPDATED: "The Super Mario Galaxy Movie" (TMDB 1226863)
[2026-10-05T09:34:53.201Z] UPDATED: "The Shawshank Redemption" (TMDB 278)
[2026-10-05T09:34:53.202Z] UPDATED: "Michael" (TMDB 936075)
[2026-10-05T09:34:53.203Z] UPDATED: "The Furious" (TMDB 1280738)
[2026-10-05T09:34:53.204Z] UPDATED: "The Dog Stars" (TMDB 1384216)
[2026-10-05T09:34:53.205Z] UPDATED: "Practical Magic 2" (TMDB 1302904)
[2026-10-05T09:34:53.207Z] UPDATED: "Harry Potter and the Chamber of Secrets" (TMDB 672)
[2026-10-05T09:34:53.209Z] UPDATED: "Harry Potter and the Prisoner of Azkaban" (TMDB 673)
[2026-10-05T09:34:53.210Z] UPDATED: "Livestream from Hell" (TMDB 1437195)
[2026-10-05T09:34:53.212Z] UPDATED: "Insidious: Out of the Further" (TMDB 1291595)
[2026-10-05T09:34:53.213Z] UPDATED: "Harry Potter and the Goblet of Fire" (TMDB 674)
[2026-10-05T09:34:53.215Z] UPDATED: "Hope" (TMDB 1058424)
[2026-10-05T09:34:53.216Z] UPDATED: "The Hunger Games: Mockingjay - Part 1" (TMDB 131631)
[2026-10-05T09:34:53.217Z] UPDATED: "The Invite" (TMDB 950028)
[2026-10-05T09:34:53.219Z] UPDATED: "Whiplash" (TMDB 244786)
[2026-10-05T09:34:53.220Z] UPDATED: "Hot Spot" (TMDB 813418)
[2026-10-05T09:34:53.221Z] UPDATED: "Ghost in the Cell" (TMDB 1393326)
[2026-10-05T09:34:53.223Z] UPDATED: "Onslaught" (TMDB 1284046)
[2026-10-05T09:34:53.224Z] UPDATED: "Other Mommy" (TMDB 1400837)
[2026-10-05T09:34:53.226Z] UPDATED: "In the Grey" (TMDB 1122573)
[2026-10-05T09:34:53.227Z] UPDATED: "Spa Weekend" (TMDB 1341138)
[2026-10-05T09:34:53.228Z] UPDATED: "I Want Your Sex" (TMDB 1288059)
[2026-10-05T09:34:53.229Z] UPDATED: "By Any Means" (TMDB 1380417)
[2026-10-05T09:34:53.231Z] UPDATED: "Buddy" (TMDB 1514026)
[2026-10-05T09:34:53.232Z] UPDATED: "The Hunger Games: Catching Fire" (TMDB 101299)
[2026-10-05T09:34:53.233Z] UPDATED: "La La Land" (TMDB 313369)
[2026-10-05T09:34:53.234Z] UPDATED: "Possible Love" (TMDB 1483525)
[2026-10-05T09:34:53.235Z] UPDATED: "Look Back" (TMDB 1244492)
[2026-10-05T09:34:53.237Z] UPDATED: "Cars" (TMDB 920)
[2026-10-05T09:34:53.238Z] UPDATED: "Clayface" (TMDB 1400940)
[2026-10-05T09:34:53.239Z] UPDATED: "Spider-Man: Brand New Day" (TMDB 969681)
[2026-10-05T09:34:53.240Z] UPDATED: "Soulm8te" (TMDB 1307118)
[2026-10-05T09:34:53.242Z] UPDATED: "Avengers: Doomsday" (TMDB 1003596)
[2026-10-05T09:34:53.243Z] UPDATED: "Toy Story 5" (TMDB 1084244)
[2026-10-05T09:34:53.245Z] UPDATED: "Street Fighter" (TMDB 1153576)
[2026-10-05T09:34:53.246Z] UPDATED: "De Gaulle: Résistance" (TMDB 1165366)
[2026-10-05T09:34:53.248Z] UPDATED: "Moana" (TMDB 1108427)
[2026-10-05T09:34:53.249Z] UPDATED: "Minions & Monsters" (TMDB 1315772)
[2026-10-05T09:34:53.250Z] UPDATED: "La bola negra" (TMDB 1422041)
[2026-10-05T09:34:53.251Z] UPDATED: "Crazy Rich, Incredibly Broke" (TMDB 1763619)
[2026-10-05T09:34:53.252Z] UPDATED: "The Mongoose" (TMDB 1294189)
[2026-10-05T09:34:53.254Z] UPDATED: "Resident Evil: Welcome to Raccoon City" (TMDB 460458)
[2026-10-05T09:34:53.255Z] UPDATED: "Project Hail Mary" (TMDB 687163)
[2026-10-05T09:34:53.256Z] UPDATED: "Avengers: Infinity War" (TMDB 299536)
[2026-10-05T09:34:53.258Z] UPDATED: "War of the Worlds" (TMDB 755898)
[2026-10-05T09:34:53.259Z] FINISH: Sync completed in 13.3s.
[2026-10-05T09:34:53.260Z] SUMMARY: Added=21, Updated=84, Unchanged=5, Skipped=0, Errors=0
[2026-10-05T09:34:53.261Z] ======================================================

