[2026-09-30T11:03:10.484Z] ======================================================
[2026-09-30T11:03:10.490Z] START: Daily Movie Sync initiated at 2026-09-30T11:03:10.489Z
[2026-09-30T11:03:10.499Z] Step 1: Fetching now_playing, upcoming, and daily trending discovery feeds...
[2026-09-30T11:03:12.800Z] Discovered 108 candidate movie IDs.
[2026-09-30T11:03:19.314Z] ADDED: "It Ends" (TMDB 1422011, Year: 2026-08-21)
[2026-09-30T11:03:19.318Z] ADDED: "The Uprising" (TMDB 977942, Year: 2026-09-10)
[2026-09-30T11:03:19.320Z] ADDED: "Meesaya Murukku 2" (TMDB 1538457, Year: 2026-09-25)
[2026-09-30T11:03:19.321Z] ADDED: "The Scavenger" (TMDB 1580190, Year: 2026-09-23)
[2026-09-30T11:03:19.336Z] ADDED: "Lion Fist" (TMDB 1340102, Year: 2026-09-10)
[2026-09-30T11:03:19.338Z] ADDED: "Insidious: Out of the Further" (TMDB 1291595, Year: 2026-08-19)
[2026-09-30T11:03:19.339Z] ADDED: "Practical Magic 2" (TMDB 1302904, Year: 2026-09-09)
[2026-09-30T11:03:19.361Z] ADDED: "Harry Potter and the Philosopher's Stone" (TMDB 671, Year: 2001-11-16)
[2026-09-30T11:03:19.364Z] ADDED: "The Super Mario Galaxy Movie" (TMDB 1226863, Year: 2026-04-01)
[2026-09-30T11:03:19.377Z] ADDED: "The Dog Stars" (TMDB 1384216, Year: 2026-08-26)
[2026-09-30T11:03:19.381Z] ADDED: "Michael" (TMDB 936075, Year: 2026-04-22)
[2026-09-30T11:03:19.393Z] ADDED: "Hoppers" (TMDB 1327819, Year: 2026-03-04)
[2026-09-30T11:03:19.395Z] ADDED: "Harry Potter and the Chamber of Secrets" (TMDB 672, Year: 2002-11-13)
[2026-09-30T11:03:19.397Z] ADDED: "The Weight" (TMDB 1433583, Year: 2026-09-16)
[2026-09-30T11:03:19.398Z] ADDED: "The Invite" (TMDB 950028, Year: 2026-04-30)
[2026-09-30T11:03:19.400Z] ADDED: "Buddy" (TMDB 1514026, Year: 2026-08-27)
[2026-09-30T11:03:19.401Z] ADDED: "By Any Means" (TMDB 1380417, Year: 2026-09-02)
[2026-09-30T11:03:19.404Z] ADDED: "The Rivals of Amziah King" (TMDB 1124142, Year: 2026-08-13)
[2026-09-30T11:03:19.424Z] ADDED: "Onslaught" (TMDB 1284046, Year: 2026-09-02)
[2026-09-30T11:03:19.425Z] ADDED: "The Hunger Games: Catching Fire" (TMDB 101299, Year: 2013-11-15)
[2026-09-30T11:03:19.443Z] ADDED: "Cars" (TMDB 920, Year: 2006-06-08)
[2026-09-30T11:03:19.444Z] ADDED: "Whiplash" (TMDB 244786, Year: 2014-10-10)
[2026-09-30T11:03:19.446Z] ADDED: "Look Back" (TMDB 1244492, Year: 2024-06-28)
[2026-09-30T11:03:19.458Z] ADDED: "La La Land" (TMDB 313369, Year: 2016-12-01)
[2026-09-30T11:03:19.461Z] ADDED: "The Hunger Games: Mockingjay - Part 2" (TMDB 131634, Year: 2015-11-18)
[2026-09-30T11:03:19.467Z] ADDED: "Puella Magi Madoka Magica the Movie -Walpurgisnacht: Rising-" (TMDB 822653, Year: 2026-08-28)
[2026-09-30T11:03:19.469Z] ADDED: "Leviticus" (TMDB 1564614, Year: 2026-06-17)
[2026-09-30T11:03:19.471Z] ADDED: "The Hunger Games: The Ballad of Songbirds & Snakes" (TMDB 695721, Year: 2023-11-15)
[2026-09-30T11:03:19.472Z] ADDED: "Other Mommy" (TMDB 1400837, Year: 2026-10-07)
[2026-09-30T11:03:19.501Z] ADDED: "Mononoke the Movie: Chapter III - The Curse of the Serpent" (TMDB 1322562, Year: 2026-05-29)
[2026-09-30T11:03:19.503Z] ADDED: "The Nice Ones" (TMDB 1767073, Year: 2026-09-29)
[2026-09-30T11:03:19.505Z] ADDED: "Street Fighter" (TMDB 1153576, Year: 2026-10-13)
[2026-09-30T11:03:19.506Z] ADDED: "The Deputy" (TMDB 1291366, Year: 2026-09-25)
[2026-09-30T11:03:19.508Z] ADDED: "Normal" (TMDB 1242332, Year: 2026-04-16)
[2026-09-30T11:03:19.511Z] ADDED: "La bola negra" (TMDB 1422041, Year: 2026-09-25)
[2026-09-30T11:03:19.512Z] ADDED: "Chiikawa the Movie: The Secret of the Mermaid Island" (TMDB 1586876, Year: 2026-07-24)
[2026-09-30T11:03:19.514Z] ADDED: "Dear You" (TMDB 1671548, Year: 2026-04-30)
[2026-09-30T11:03:19.517Z] ADDED: "Hokum" (TMDB 1430077, Year: 2026-04-29)
[2026-09-30T11:03:19.518Z] ADDED: "One Night Only" (TMDB 1433367, Year: 2026-08-06)
[2026-09-30T11:03:19.520Z] ADDED: "The Swan: Behind the Mirror" (TMDB 1646945, Year: 2026-09-29)
[2026-09-30T11:03:19.521Z] ADDED: "Ghost Light" (TMDB 1778286, Year: 2026-09-29)
[2026-09-30T11:03:19.522Z] ADDED: "Whalefall" (TMDB 1255833, Year: 2026-10-14)
[2026-09-30T11:03:19.524Z] ADDED: "Possible Love" (TMDB 1483525, Year: 2026-09-23)
[2026-09-30T11:03:19.525Z] ADDED: "The Mongoose" (TMDB 1294189, Year: 2026-10-29)
[2026-09-30T11:03:19.527Z] ADDED: "Resident Evil: Welcome to Raccoon City" (TMDB 460458, Year: 2021-11-24)
[2026-09-30T11:03:19.529Z] ADDED: "The Novices" (TMDB 82976, Year: 1970-04-01)
[2026-09-30T11:03:19.531Z] ADDED: "Dark Nuns" (TMDB 1224993, Year: 2025-01-24)
[2026-09-30T11:03:19.535Z] ADDED: "Project Hail Mary" (TMDB 687163, Year: 2026-03-15)
[2026-09-30T11:03:19.537Z] ADDED: "Avengers: Infinity War" (TMDB 299536, Year: 2018-04-25)
[2026-09-30T11:03:19.538Z] ADDED: "Blade Runner 2049" (TMDB 335984, Year: 2017-10-04)
[2026-09-30T11:03:19.539Z] ADDED: "War of the Worlds" (TMDB 755898, Year: 2025-07-29)
[2026-09-30T11:03:19.542Z] UPDATED: "Resident Evil" (TMDB 1423191)
[2026-09-30T11:03:19.546Z] UPDATED: "The Love Hypothesis" (TMDB 1032863)
[2026-09-30T11:03:19.547Z] UPDATED: "The End of Oak Street" (TMDB 1101383)
[2026-09-30T11:03:19.563Z] UPDATED: "The Odyssey" (TMDB 1368337)
[2026-09-30T11:03:19.564Z] UPDATED: "Coyote vs. Acme" (TMDB 1204680)
[2026-09-30T11:03:19.569Z] UPDATED: "After Impact" (TMDB 1751701)
[2026-09-30T11:03:19.571Z] UPDATED: "The Fix" (TMDB 1228834)
[2026-09-30T11:03:19.572Z] UPDATED: "Mutiny" (TMDB 1288445)
[2026-09-30T11:03:19.573Z] UPDATED: "Colony" (TMDB 1375646)
[2026-09-30T11:03:19.574Z] UPDATED: "Heart of the Beast" (TMDB 1263337)
[2026-09-30T11:03:19.576Z] UPDATED: "UNABOMBER" (TMDB 1492640)
[2026-09-30T11:03:19.576Z] UPDATED: "Runner" (TMDB 1377237)
[2026-09-30T11:03:19.639Z] UPDATED: "One Last Shot" (TMDB 1607127)
[2026-09-30T11:03:19.640Z] UPDATED: "Obsession" (TMDB 1339713)
[2026-09-30T11:03:19.642Z] UPDATED: "Zip Wire" (TMDB 1482547)
[2026-09-30T11:03:19.643Z] UPDATED: "Ice Cream Man" (TMDB 1477712)
[2026-09-30T11:03:19.645Z] UPDATED: "Digger" (TMDB 1248832)
[2026-09-30T11:03:19.650Z] UPDATED: "Avengers: Endgame" (TMDB 299534)
[2026-09-30T11:03:19.651Z] UPDATED: "Teenage Sex and Death at Camp Miasma" (TMDB 1240889)
[2026-09-30T11:03:19.653Z] UPDATED: "Pinocchio: Unstrung" (TMDB 1232569)
[2026-09-30T11:03:19.655Z] UPDATED: "Drawn Together" (TMDB 1440098)
[2026-09-30T11:03:19.657Z] UPDATED: "Backrooms" (TMDB 1083381)
[2026-09-30T11:03:19.663Z] UPDATED: "Primetime" (TMDB 1375441)
[2026-09-30T11:03:19.681Z] UPDATED: "Forgotten Island" (TMDB 1465063)
[2026-09-30T11:03:19.684Z] UPDATED: "You+Me - Against the World" (TMDB 1641629)
[2026-09-30T11:03:19.686Z] UPDATED: "The Runner" (TMDB 1386315)
[2026-09-30T11:03:19.687Z] UPDATED: "Disclosure Day" (TMDB 1275779)
[2026-09-30T11:03:19.689Z] UPDATED: "Rosebush Pruning" (TMDB 1130948)
[2026-09-30T11:03:19.691Z] UPDATED: "The Death of Robin Hood" (TMDB 1284465)
[2026-09-30T11:03:19.692Z] UPDATED: "PAW Patrol: The Dino Movie" (TMDB 1185806)
[2026-09-30T11:03:19.699Z] UPDATED: "Fall 2: Deadpoint" (TMDB 1101412)
[2026-09-30T11:03:19.702Z] UPDATED: "Hot Spot" (TMDB 813418)
[2026-09-30T11:03:19.709Z] UPDATED: "The Last Sunrise" (TMDB 1516698)
[2026-09-30T11:03:19.718Z] UPDATED: "The Shawshank Redemption" (TMDB 278)
[2026-09-30T11:03:19.721Z] UPDATED: "The Furious" (TMDB 1280738)
[2026-09-30T11:03:19.731Z] UPDATED: "Mayday" (TMDB 1137844)
[2026-09-30T11:03:19.742Z] UPDATED: "Scary Movie" (TMDB 1273221)
[2026-09-30T11:03:19.751Z] UPDATED: "Deep Water" (TMDB 1127384)
[2026-09-30T11:03:19.752Z] UPDATED: "Idiots" (TMDB 445466)
[2026-09-30T11:03:19.756Z] UPDATED: "Spa Weekend" (TMDB 1341138)
[2026-09-30T11:03:19.757Z] UPDATED: "Ghost in the Cell" (TMDB 1393326)
[2026-09-30T11:03:19.758Z] UPDATED: "Clash of the Thundermans" (TMDB 1506560)
[2026-09-30T11:03:19.759Z] UPDATED: "Lucky Strike" (TMDB 1594914)
[2026-09-30T11:03:19.760Z] UPDATED: "Verity" (TMDB 1283515)
[2026-09-30T11:03:19.762Z] UPDATED: "Hope" (TMDB 1058424)
[2026-09-30T11:03:19.763Z] UPDATED: "Above & Below" (TMDB 1514682)
[2026-09-30T11:03:19.764Z] UPDATED: "The Whisper Man" (TMDB 860508)
[2026-09-30T11:03:19.765Z] UPDATED: "The Hunger Games: Mockingjay - Part 1" (TMDB 131631)
[2026-09-30T11:03:19.766Z] UPDATED: "I Want Your Sex" (TMDB 1288059)
[2026-09-30T11:03:19.767Z] UPDATED: "In the Grey" (TMDB 1122573)
[2026-09-30T11:03:19.769Z] UPDATED: "Sacrifice" (TMDB 1284186)
[2026-09-30T11:03:19.770Z] UPDATED: "Clayface" (TMDB 1400940)
[2026-09-30T11:03:19.771Z] UPDATED: "Avengers: Doomsday" (TMDB 1003596)
[2026-09-30T11:03:19.772Z] UPDATED: "Spider-Man: Brand New Day" (TMDB 969681)
[2026-09-30T11:03:19.774Z] UPDATED: "Toy Story 5" (TMDB 1084244)
[2026-09-30T11:03:19.776Z] UPDATED: "Moana" (TMDB 1108427)
[2026-09-30T11:03:19.777Z] UPDATED: "Minions & Monsters" (TMDB 1315772)
[2026-09-30T11:03:19.778Z] FINISH: Sync completed in 9.3s.
[2026-09-30T11:03:19.782Z] SUMMARY: Added=51, Updated=57, Unchanged=0, Skipped=0, Errors=0
[2026-09-30T11:03:19.787Z] ======================================================

